RNA  (14039, 27178)   ATAC  (14039, 70132)
shared cells: 14039

--- grn (RNA) ---  cells=14039  genes=27178  tfs=1663
  wall: 3295.7s  edges: 3061291

--- aucell ---  regulons=1663
  wall: 4.6s  shape (14039, 1663)

--- topics (ATAC) ---  K=10
  wall: 894.2s  unique top-1 topic: 10
  atac leiden clusters: 4

top-10 cluster-discriminative regulons (by ANOVA F):
  GRHPR_regulon              F=13285.5  p=0.00e+00
  POU2F2_regulon             F=12785.8  p=0.00e+00
  PAX5_regulon               F=12716.7  p=0.00e+00
  MEF2B_regulon              F=12562.7  p=0.00e+00
  SPIB_regulon               F=11649.2  p=0.00e+00
  EBF1_regulon               F=11462.6  p=0.00e+00
  E2F5_regulon               F=11443.7  p=0.00e+00
  CPEB1_regulon              F=11426.7  p=0.00e+00
  BCL11A_regulon             F=10837.8  p=0.00e+00
  THRB_regulon               F=10704.6  p=0.00e+00

=== TOTAL pipeline wall-clock: 4194.4s (69.9 min) ===
  grn:    3295.7s  (79%)
  aucell:    4.6s  (0%)
  topics:  894.2s  (21%)

ARI of grn-based cell-type clustering (via top regulon activity) vs ATAC leiden:
  0.0961  (564 unique top regulons)
Peak Memory Usage: 8.41 GB
