[rustscenic.grn] fitting GRNBoost2 — 10,198 cells × 32,856 genes × 1760 TFs × n_estimators=300 (early-stop window=25). Running in parallel, this can take seconds to tens of minutes depending on shape...
[rustscenic.grn] done in 2890.7s — 4,497,808 edges.
[rustscenic.topics] online-VB LDA — 10,198 docs × 130,127 vocab (nnz=81,921,317), K=10, 20 passes, batch_size=256. Running in parallel...
[rustscenic.topics] done in 1509.1s — 7/10 topics carry an argmax assignment.
/home/mila/rustscenic-test/multiome_e2e_rust.py:89: UserWarning: Some cells have zero counts
  sc.pp.normalize_total(atac_norm); sc.pp.log1p(atac_norm)
RNA  (10211, 32856)   ATAC  (644847, 130127)
shared cells: 10198

--- grn (RNA) ---  cells=10198  genes=32856  tfs=1760
  wall: 2892.5s  edges: 4497808

--- aucell ---  regulons=1760
  wall: 3.3s  shape (10198, 1760)

--- topics (ATAC) ---  K=10
  wall: 1510.5s  unique top-1 topic: 7
  atac leiden clusters: 5

top-10 cluster-discriminative regulons (by ANOVA F):
  IKZF1_regulon              F=18229.0  p=0.00e+00
  FLI1_regulon               F=17316.2  p=0.00e+00
  CEBPD_regulon              F=17176.0  p=0.00e+00
  TFEC_regulon               F=17149.2  p=0.00e+00
  HCLS1_regulon              F=17144.5  p=0.00e+00
  RUNX1_regulon              F=16967.4  p=0.00e+00
  DAB2_regulon               F=15750.1  p=0.00e+00
  NFATC2_regulon             F=15638.8  p=0.00e+00
  FOXN3_regulon              F=15574.0  p=0.00e+00
  REL_regulon                F=14750.7  p=0.00e+00

=== TOTAL pipeline wall-clock: 4406.3s (73.4 min) ===
  grn:    2892.5s  (66%)
  aucell:    3.3s  (0%)
  topics: 1510.5s  (34%)

ARI of grn-based cell-type clustering (via top regulon activity) vs ATAC leiden:
  0.5140  (250 unique top regulons)
Peak Memory Usage: 10.78 GB
