[rustscenic.grn] fitting GRNBoost2 — 10,198 cells × 32,856 genes × 1760 TFs × n_estimators=300 (early-stop window=25). Running in parallel, this can take seconds to tens of minutes depending on shape...
[rustscenic.grn] done in 2747.5s — 4,497,808 edges.
[rustscenic.topics] online-VB LDA — 10,198 docs × 127,370 vocab (nnz=81,689,918), K=10, 20 passes, batch_size=256. Running in parallel...
[rustscenic.topics] done in 1337.2s — 6/10 topics carry an argmax assignment.
/home/mila/rustscenic-test/brain_e2e_rust.py:86: UserWarning: Some cells have zero counts
  sc.pp.normalize_total(atac_norm); sc.pp.log1p(atac_norm)
RNA  (10211, 32856)   ATAC  (10198, 127370)
shared cells: 10198

--- grn (RNA) ---  cells=10198  genes=32856  tfs=1760
  wall: 2749.2s  edges: 4497808

--- aucell ---  regulons=1760
  wall: 3.1s  shape (10198, 1760)

--- topics (ATAC) ---  K=10
  wall: 1337.8s  unique top-1 topic: 6
  atac leiden clusters: 6

top-10 cluster-discriminative regulons (by ANOVA F):
  IKZF1_regulon              F=21951.7  p=0.00e+00
  FLI1_regulon               F=20993.6  p=0.00e+00
  TFEC_regulon               F=20490.9  p=0.00e+00
  HCLS1_regulon              F=19581.9  p=0.00e+00
  NFATC2_regulon             F=19214.8  p=0.00e+00
  RUNX1_regulon              F=19170.3  p=0.00e+00
  CEBPD_regulon              F=19146.0  p=0.00e+00
  MEF2A_regulon              F=18780.6  p=0.00e+00
  SMAP2_regulon              F=17596.8  p=0.00e+00
  FOXN3_regulon              F=17335.8  p=0.00e+00

=== TOTAL pipeline wall-clock: 4090.1s (68.2 min) ===
  grn:    2749.2s  (67%)
  aucell:    3.1s  (0%)
  topics: 1337.8s  (33%)

ARI of grn-based cell-type clustering (via top regulon activity) vs ATAC leiden:
  0.5139  (250 unique top regulons)
Peak Memory Usage: 10.72 GB
