RNA  (9665, 32317)   ATAC  (9665, 123089)
shared cells: 9665

--- grn (RNA) ---  cells=9665  genes=32317  tfs=1748
  wall: 3474.1s  edges: 4467176

--- aucell ---  regulons=1748
  wall: 3.9s  shape (9665, 1748)

--- topics (ATAC) ---  K=10
  wall: 1299.7s  unique top-1 topic: 8
  atac leiden clusters: 7

top-10 cluster-discriminative regulons (by ANOVA F):
  FLI1_regulon               F=17275.8  p=0.00e+00
  IKZF1_regulon              F=17125.4  p=0.00e+00
  RUNX1_regulon              F=16304.4  p=0.00e+00
  HCLS1_regulon              F=15883.2  p=0.00e+00
  SMAP2_regulon              F=15760.1  p=0.00e+00
  TFEC_regulon               F=15138.2  p=0.00e+00
  CEBPD_regulon              F=14644.6  p=0.00e+00
  NFATC2_regulon             F=14438.6  p=0.00e+00
  MEF2A_regulon              F=14345.1  p=0.00e+00
  SP140_regulon              F=13588.6  p=0.00e+00

=== TOTAL pipeline wall-clock: 4777.7s (79.6 min) ===
  grn:    3474.1s  (73%)
  aucell:    3.9s  (0%)
  topics: 1299.7s  (27%)

ARI of grn-based cell-type clustering (via top regulon activity) vs ATAC leiden:
  0.5751  (120 unique top regulons)
Peak Memory Usage: 9.89 GB
